// Jest Snapshot v1, https://goo.gl/fbAQLP

exports[`renders department list correctly 1`] = `
<div
  className="MuiContainer-root MuiContainer-maxWidthLg css-1oqqzyl-MuiContainer-root"
>
  <div
    className="MuiGrid-root MuiGrid-item MuiGrid-grid-xs-9 css-13i4rnv-MuiGrid-root"
  />
</div>
`;
