// Jest Snapshot v1, https://goo.gl/fbAQLP

exports[`renders department details correctly 1`] = `null`;
