// Jest Snapshot v1, https://goo.gl/fbAQLP

exports[`renders employee details correctly 1`] = `
<table
  className="MuiTable-root css-rqglhn-MuiTable-root"
  role={null}
>
  <thead
    className="MuiTableHead-root css-15wwp11-MuiTableHead-root"
    role={null}
  >
    <tr
      className="MuiTableRow-root MuiTableRow-head css-1q1u3t4-MuiTableRow-root"
      role={null}
    >
      <th
        aria-sort={null}
        className="MuiTableCell-root MuiTableCell-head MuiTableCell-sizeMedium css-1ygcj2i-MuiTableCell-root"
        scope="col"
      >
        ID
      </th>
      <th
        aria-sort={null}
        className="MuiTableCell-root MuiTableCell-head MuiTableCell-sizeMedium css-1ygcj2i-MuiTableCell-root"
        scope="col"
      >
        Name
      </th>
      <th
        aria-sort={null}
        className="MuiTableCell-root MuiTableCell-head MuiTableCell-sizeMedium css-1ygcj2i-MuiTableCell-root"
        scope="col"
      >
        Designation
      </th>
      <th
        aria-sort={null}
        className="MuiTableCell-root MuiTableCell-head MuiTableCell-sizeMedium css-1ygcj2i-MuiTableCell-root"
        scope="col"
      >
        Branch
      </th>
      <th
        aria-sort={null}
        className="MuiTableCell-root MuiTableCell-head MuiTableCell-sizeMedium css-1ygcj2i-MuiTableCell-root"
        scope="col"
      >
        Action
      </th>
    </tr>
  </thead>
  <tbody
    className="MuiTableBody-root css-apqrd9-MuiTableBody-root"
    role={null}
  >
    <tr
      className="MuiTableRow-root css-1q1u3t4-MuiTableRow-root"
      role={null}
    >
      <td
        aria-sort={null}
        className="MuiTableCell-root MuiTableCell-body MuiTableCell-sizeMedium css-1ex1afd-MuiTableCell-root"
      >
        1
      </td>
      <td
        aria-sort={null}
        className="MuiTableCell-root MuiTableCell-body MuiTableCell-sizeMedium css-1ex1afd-MuiTableCell-root"
      >
        Sathya
      </td>
      <td
        aria-sort={null}
        className="MuiTableCell-root MuiTableCell-body MuiTableCell-sizeMedium css-1ex1afd-MuiTableCell-root"
      >
        Developer
      </td>
      <td
        aria-sort={null}
        className="MuiTableCell-root MuiTableCell-body MuiTableCell-sizeMedium css-1ex1afd-MuiTableCell-root"
      >
        Bengaluru
      </td>
      <td
        aria-sort={null}
        className="MuiTableCell-root MuiTableCell-body MuiTableCell-sizeMedium css-1ex1afd-MuiTableCell-root"
      >
        <button
          className="MuiButtonBase-root MuiButton-root MuiButton-contained MuiButton-containedPrimary MuiButton-sizeMedium MuiButton-containedSizeMedium MuiButton-colorPrimary MuiButton-root MuiButton-contained MuiButton-containedPrimary MuiButton-sizeMedium MuiButton-containedSizeMedium MuiButton-colorPrimary css-sghohy-MuiButtonBase-root-MuiButton-root"
          disabled={false}
          onBlur={[Function]}
          onClick={[Function]}
          onContextMenu={[Function]}
          onDragLeave={[Function]}
          onFocus={[Function]}
          onKeyDown={[Function]}
          onKeyUp={[Function]}
          onMouseDown={[Function]}
          onMouseLeave={[Function]}
          onMouseUp={[Function]}
          onTouchEnd={[Function]}
          onTouchMove={[Function]}
          onTouchStart={[Function]}
          tabIndex={0}
          type="button"
        >
          Delete
        </button>
      </td>
    </tr>
    <tr
      className="MuiTableRow-root css-1q1u3t4-MuiTableRow-root"
      role={null}
    >
      <td
        aria-sort={null}
        className="MuiTableCell-root MuiTableCell-body MuiTableCell-sizeMedium css-1ex1afd-MuiTableCell-root"
      >
        2
      </td>
      <td
        aria-sort={null}
        className="MuiTableCell-root MuiTableCell-body MuiTableCell-sizeMedium css-1ex1afd-MuiTableCell-root"
      >
        Mohammed Ibrahim 
      </td>
      <td
        aria-sort={null}
        className="MuiTableCell-root MuiTableCell-body MuiTableCell-sizeMedium css-1ex1afd-MuiTableCell-root"
      >
        Developer
      </td>
      <td
        aria-sort={null}
        className="MuiTableCell-root MuiTableCell-body MuiTableCell-sizeMedium css-1ex1afd-MuiTableCell-root"
      >
        Chennai
      </td>
      <td
        aria-sort={null}
        className="MuiTableCell-root MuiTableCell-body MuiTableCell-sizeMedium css-1ex1afd-MuiTableCell-root"
      >
        <button
          className="MuiButtonBase-root MuiButton-root MuiButton-contained MuiButton-containedPrimary MuiButton-sizeMedium MuiButton-containedSizeMedium MuiButton-colorPrimary MuiButton-root MuiButton-contained MuiButton-containedPrimary MuiButton-sizeMedium MuiButton-containedSizeMedium MuiButton-colorPrimary css-sghohy-MuiButtonBase-root-MuiButton-root"
          disabled={false}
          onBlur={[Function]}
          onClick={[Function]}
          onContextMenu={[Function]}
          onDragLeave={[Function]}
          onFocus={[Function]}
          onKeyDown={[Function]}
          onKeyUp={[Function]}
          onMouseDown={[Function]}
          onMouseLeave={[Function]}
          onMouseUp={[Function]}
          onTouchEnd={[Function]}
          onTouchMove={[Function]}
          onTouchStart={[Function]}
          tabIndex={0}
          type="button"
        >
          Delete
        </button>
      </td>
    </tr>
  </tbody>
</table>
`;
